#-----------------------------------------------------------
# Vivado v2018.2 (64-bit)
# SW Build 2258646 on Thu Jun 14 20:03:12 MDT 2018
# IP Build 2256618 on Thu Jun 14 22:10:49 MDT 2018
# Start of session at: Sun May 11 12:04:20 2025
# Process ID: 22488
# Current directory: C:/Nano_processor
# Command line: vivado.exe -gui_launcher_event rodinguilauncherevent6592 C:\Nano_processor\nanoprocessor.xpr
# Log file: C:/Nano_processor/vivado.log
# Journal file: C:/Nano_processor\vivado.jou
#-----------------------------------------------------------
start_gui
open_project C:/Nano_processor/nanoprocessor.xpr
update_compile_order -fileset sources_1
add_files -norecurse C:/Nano_processor/nanoprocessor.srcs/sources_1/new/Decoder_3_to_8.vhd
update_compile_order -fileset sources_1
launch_runs synth_1 -jobs 6
wait_on_run synth_1
launch_runs impl_1 -jobs 6
wait_on_run impl_1
import_files -norecurse {C:/Adder_Subtractor/Adder_Subtractor.srcs/sources_1/imports/new/Add_Sub.vhd C:/Adder_Subtractor/Adder_Subtractor.srcs/sources_1/new/Program_Counter.vhd}
update_compile_order -fileset sources_1
import_files -norecurse {C:/Adder_Subtractor/Adder_Subtractor.srcs/sources_1/imports/sources_1/imports/new/RCA_4.vhd C:/Adder_Subtractor/Adder_Subtractor.srcs/sources_1/imports/sources_1/imports/new/HA.vhd C:/Adder_Subtractor/Adder_Subtractor.srcs/sources_1/imports/sources_1/imports/new/FA.vhd}
update_compile_order -fileset sources_1
set_property SOURCE_SET sources_1 [get_filesets sim_1]
import_files -fileset sim_1 -norecurse {C:/Adder_Subtractor/Adder_Subtractor.srcs/sim_1/imports/new/TB_RCA_4.vhd C:/Adder_Subtractor/Adder_Subtractor.srcs/sim_1/imports/new/TB_FA.vhd C:/Adder_Subtractor/Adder_Subtractor.srcs/sim_1/imports/new/TB_HA.vhd C:/Adder_Subtractor/Adder_Subtractor.srcs/sim_1/imports/new/TB_Add_Sub.vhd}
update_compile_order -fileset sim_1
set_property SOURCE_SET sources_1 [get_filesets sim_1]
import_files -fileset sim_1 -norecurse {C:/Adder_Subtractor/Adder_Subtractor.srcs/sim_1/imports/new/TB_Reg.vhd C:/Adder_Subtractor/Adder_Subtractor.srcs/sim_1/new/TB_ProgramCounter.vhd}
update_compile_order -fileset sim_1
reset_run synth_1
launch_runs synth_1 -jobs 6
wait_on_run synth_1
launch_runs impl_1 -jobs 6
wait_on_run impl_1
